// Jest Snapshot v1, https://goo.gl/fbAQLP

exports[`Render home page 1`] = `
<div>
  <nav>
    <img
      alt="Mercado Libre"
      height="50"
      src="/assets/images/logo.png"
      width="75"
    />
    <form
      action="/items"
      method="GET"
      name="searchBar"
      onSubmit={[Function]}
    >
      <input
        name="search"
        placeholder="Nunca dejes de buscar"
        type="text"
      />
      <button
        type="submit"
      >
        <img
          alt="Busca"
          height="20"
          src="/assets/images/search.svg"
          width="20"
        />
      </button>
    </form>
  </nav>
</div>
`;
