// Jest Snapshot v1, https://goo.gl/fbAQLP

exports[`Home Should render without crashing 1`] = `
<div>
  <nav>
    <a
      href="/"
    >
      <img
        alt="Mercado Libre"
        height="50"
        src="/assets/images/logo.png"
        width="75"
      />
    </a>
    <form
      action="/items"
      method="GET"
      name="searchBar"
      onSubmit={[Function]}
    >
      <input
        name="search"
        onChange={[Function]}
        placeholder="Nunca dejes de buscar"
        type="text"
        value={null}
      />
      <button
        type="submit"
      >
        <img
          alt="Busca"
          height="20"
          src="/assets/images/search.svg"
          width="20"
        />
      </button>
    </form>
  </nav>
</div>
`;
